   Ôû▓ Next.js 15.3.3
   - Environments: .env.local, .env

   Creating an optimized production build ...
 Ô£ô Compiled successfully in 8.0s
   Linting and checking validity of types ...

./src/app/[locale]/about/AboutPageClient.tsx
138:21  Warning: Using `<img>` could result in slower LCP and higher bandwidth. Consider using `<Image />` from `next/image` or a custom image loader to automatically optimize images. This may incur additional usage or cost from your provider. See: https://nextjs.org/docs/messages/no-img-element  @next/next/no-img-element

info  - Need to disable some ESLint rules? Learn more here: https://nextjs.org/docs/app/api-reference/config/eslint#disabling-rules
node.exe : Failed to 
compile.
At C:\Program Files\n
odejs\npx.ps1:29 
char:3
+   & $NODE_EXE 
$NPX_CLI_JS $args
+   ~~~~~~~~~~~~~~~~~
~~~~~~~~~~~~
    + CategoryInfo   
           : NotSpe  
  cified: (Failed    
 to compile.:Stri    
ng) [], RemoteEx    
ception
    + FullyQualified 
   ErrorId : Native  
  CommandError
 

./src/components/UI/S
crambleText.tsx:8:14
Type error: Cannot 
find namespace 'JSX'.

[0m [90m  6 |[39m 
type [33mScrambleTex
tProps[39m 
[33m=[39m {[0m
[0m [90m  7 |[39m 
  text[33m:[39m 
string[33m;[39m[0m
[0m[31m[1m>[22m[
39m[90m  8 |[39m   
[36mas[39m[33m?[3
9m[33m:[39m keyof 
[33mJSX[39m[33m.[3
9m[33mIntrinsicEleme
nts[39m[33m;[39m[
0m
[0m [90m    |[39m 
             [31m[1
m^[22m[39m[0m
[0m [90m  9 |[39m 
  className[33m?[39
m[33m:[39m 
string[33m;[39m[0m
[0m [90m 10 |[39m 
  durationMs[33m?[3
9m[33m:[39m 
number[33m;[39m[0m
[0m [90m 11 |[39m 
}[33m;[39m[0m
Next.js build worker 
exited with code: 1 
and signal: null
